[tareghie-3.portal.ir/index.html]
[backblue.gif]
[fade.gif]
[index.html]
[tareghie-3.portal.ir/site/resources/fonts/csscaeb.css]
[tareghie-3.portal.ir/themes/custom-d583/css/bootstrap.css]
[tareghie-3.portal.ir/themes/custom-d583/css/bootstrap.rtl.css]
[tareghie-3.portal.ir/themes/custom-d583/css/magnific.popup.css]
[tareghie-3.portal.ir/themes/custom-d583/css/owl.carousel.css]
[tareghie-3.portal.ir/themes/custom-d583/css/app.css]
[tareghie-3.portal.ir/uploads/logo/30fdae.png]
[tareghie-3.portal.ir/blog.html]
[tareghie-3.portal.ir/services.html]
[tareghie-3.portal.ir/products.html]
[tareghie-3.portal.ir/portfolio.html]
[tareghie-3.portal.ir/about-me.html]
[tareghie-3.portal.ir/contact-me.html]
[tareghie-3.portal.ir/site/cart.html]
[tareghie-3.portal.ir/site/signin.html]
[tareghie-3.portal.ir/site/signup.html]
[tareghie-3.portal.ir/themes/custom-d583/userfiles/69d9d09eb5.jpg]
[tareghie-3.portal.ir/themes/custom-d583/userfiles/1d3cbcdd39.png]
[tareghie-3.portal.ir/themes/custom-d583/userfiles/2e3a5b.png]
[tareghie-3.portal.ir/themes/custom-d583/userfiles/4d2851.png]
[tareghie-3.portal.ir/themes/custom-d583/userfiles/1c01fe.png]
[tareghie-3.portal.ir/themes/custom-d583/userfiles/39f91e.png]
[tareghie-3.portal.ir/themes/custom-d583/userfiles/b70d5b.png]
[tareghie-3.portal.ir/themes/custom-d583/userfiles/4de963.png]
[tareghie-3.portal.ir/themes/custom-d583/userfiles/99dcd6.png]
[tareghie-3.portal.ir/themes/custom-d583/userfiles/fa7544.png]
[tareghie-3.portal.ir/blogging.html]
[tareghie-3.portal.ir/uploads/posts/139effa9c2.jpg]
[tareghie-3.portal.ir/getting-started.html]
[tareghie-3.portal.ir/uploads/posts/a350a3a9c2.jpg]
[tareghie-3.portal.ir/themes/custom-d583/js/bootstrap.js]
[tareghie-3.portal.ir/themes/custom-d583/js/magnific.popup.js]
[tareghie-3.portal.ir/themes/custom-d583/js/owl.carousel.js]
[tareghie-3.portal.ir/index.html]
[tareghie-3.portal.ir/themes/custom-d583/js/app.js]
[tareghie-3.portal.ir/site/resources/fonts/iransansweb_ultralight.eot]
[tareghie-3.portal.ir/site/resources/fonts/iransansweb_ultralightd41d.eot]
[tareghie-3.portal.ir/site/resources/fonts/iransansweb_ultralight.woff]
[tareghie-3.portal.ir/site/resources/fonts/iransansweb_ultralight.woff2]
[tareghie-3.portal.ir/site/resources/fonts/iransansweb_ultralight.ttf]
[tareghie-3.portal.ir/site/resources/fonts/iransansweb_light.eot]
[tareghie-3.portal.ir/site/resources/fonts/iransansweb_lightd41d.eot]
[tareghie-3.portal.ir/site/resources/fonts/iransansweb_light.woff]
[tareghie-3.portal.ir/site/resources/fonts/iransansweb_light.woff2]
[tareghie-3.portal.ir/site/resources/fonts/iransansweb_light.ttf]
[tareghie-3.portal.ir/site/resources/fonts/iransansweb.eot]
[tareghie-3.portal.ir/site/resources/fonts/iransanswebd41d.eot]
[tareghie-3.portal.ir/site/resources/fonts/iransansweb.woff]
[tareghie-3.portal.ir/site/resources/fonts/iransansweb.woff2]
[tareghie-3.portal.ir/site/resources/fonts/iransansweb.ttf]
[tareghie-3.portal.ir/site/resources/fonts/iransansweb_medium.eot]
[tareghie-3.portal.ir/site/resources/fonts/iransansweb_mediumd41d.eot]
[tareghie-3.portal.ir/site/resources/fonts/iransansweb_medium.woff]
[tareghie-3.portal.ir/site/resources/fonts/iransansweb_medium.ttf]
[tareghie-3.portal.ir/site/resources/fonts/iransansweb_bold.eot]
[tareghie-3.portal.ir/site/resources/fonts/iransansweb_boldd41d.eot]
[tareghie-3.portal.ir/site/resources/fonts/iransansweb_bold.woff]
[tareghie-3.portal.ir/site/resources/fonts/iransansweb_bold.woff2]
[tareghie-3.portal.ir/site/resources/fonts/iransansweb_bold.ttf]
[tareghie-3.portal.ir/site/resources/fonts/iransansweb_black.eot]
[tareghie-3.portal.ir/site/resources/fonts/iransansweb_blackd41d.eot]
[tareghie-3.portal.ir/site/resources/fonts/iransansweb_black.woff]
[tareghie-3.portal.ir/site/resources/fonts/iransansweb_black.woff2]
[tareghie-3.portal.ir/site/resources/fonts/iransansweb_black.ttf]
[tareghie-3.portal.ir/site/resources/fonts/iranyekanwebthin.eot]
[tareghie-3.portal.ir/site/resources/fonts/iranyekanwebthind41d.eot]
[tareghie-3.portal.ir/site/resources/fonts/iranyekanwebthin.woff]
[tareghie-3.portal.ir/site/resources/fonts/iranyekanwebthin.ttf]
[tareghie-3.portal.ir/site/resources/fonts/iranyekanweblight.eot]
[tareghie-3.portal.ir/site/resources/fonts/iranyekanweblightd41d.eot]
[tareghie-3.portal.ir/site/resources/fonts/iranyekanweblight.woff]
[tareghie-3.portal.ir/site/resources/fonts/iranyekanweblight.woff2]
[tareghie-3.portal.ir/site/resources/fonts/iranyekanweblight.ttf]
[tareghie-3.portal.ir/site/resources/fonts/iranyekanwebregular.eot]
[tareghie-3.portal.ir/site/resources/fonts/iranyekanwebregulard41d.eot]
[tareghie-3.portal.ir/site/resources/fonts/iranyekanwebregular.woff]
[tareghie-3.portal.ir/site/resources/fonts/iranyekanwebregular.woff2]
[tareghie-3.portal.ir/site/resources/fonts/iranyekanwebregular.ttf]
[tareghie-3.portal.ir/site/resources/fonts/iranyekanwebmedium.eot]
[tareghie-3.portal.ir/site/resources/fonts/iranyekanwebmediumd41d.eot]
[tareghie-3.portal.ir/site/resources/fonts/iranyekanwebmedium.woff]
[tareghie-3.portal.ir/site/resources/fonts/iranyekanwebmedium.ttf]
[tareghie-3.portal.ir/site/resources/fonts/iranyekanwebbold.eot]
[tareghie-3.portal.ir/site/resources/fonts/iranyekanwebboldd41d.eot]
[tareghie-3.portal.ir/site/resources/fonts/iranyekanwebbold.woff]
[tareghie-3.portal.ir/site/resources/fonts/iranyekanwebbold.woff2]
[tareghie-3.portal.ir/site/resources/fonts/iranyekanwebbold.ttf]
[tareghie-3.portal.ir/site/resources/fonts/iranyekanwebextraboldd41d.eot]
[tareghie-3.portal.ir/site/resources/fonts/iranyekanwebextrabold.eot]
[tareghie-3.portal.ir/site/resources/fonts/iranyekanwebextrabold.woff]
[tareghie-3.portal.ir/site/resources/fonts/iranyekanwebextrabold.ttf]
[tareghie-3.portal.ir/site/resources/fonts/iranyekanwebblack.eot]
[tareghie-3.portal.ir/site/resources/fonts/iranyekanwebblackd41d.eot]
[tareghie-3.portal.ir/site/resources/fonts/iranyekanwebblack.woff]
[tareghie-3.portal.ir/site/resources/fonts/iranyekanwebblack.ttf]
[tareghie-3.portal.ir/site/resources/fonts/iranyekanwebextrablack.eot]
[tareghie-3.portal.ir/site/resources/fonts/iranyekanwebextrablackd41d.eot]
[tareghie-3.portal.ir/site/resources/fonts/iranyekanwebextrablack.woff]
[tareghie-3.portal.ir/site/resources/fonts/iranyekanwebextrablack.ttf]
[tareghie-3.portal.ir/site/resources/fonts/iranyekanwebthinfanum.eot]
[tareghie-3.portal.ir/site/resources/fonts/iranyekanwebthinfanumd41d.eot]
[tareghie-3.portal.ir/site/resources/fonts/iranyekanwebthinfanum.woff]
[tareghie-3.portal.ir/site/resources/fonts/iranyekanwebthinfanum.ttf]
[tareghie-3.portal.ir/site/resources/fonts/iranyekanweblightfanum.eot]
[tareghie-3.portal.ir/site/resources/fonts/iranyekanweblightfanumd41d.eot]
[tareghie-3.portal.ir/site/resources/fonts/iranyekanweblightfanum.woff]
[tareghie-3.portal.ir/site/resources/fonts/iranyekanweblightfanum.ttf]
[tareghie-3.portal.ir/site/resources/fonts/iranyekanwebregularfanum.eot]
[tareghie-3.portal.ir/site/resources/fonts/iranyekanwebregularfanumd41d.eot]
[tareghie-3.portal.ir/site/resources/fonts/iranyekanwebregularfanum.woff]
[tareghie-3.portal.ir/site/resources/fonts/iranyekanwebregularfanum.ttf]
[tareghie-3.portal.ir/site/resources/fonts/iranyekanwebmediumfanum.eot]
[tareghie-3.portal.ir/site/resources/fonts/iranyekanwebmediumfanumd41d.eot]
[tareghie-3.portal.ir/site/resources/fonts/iranyekanwebmediumfanum.woff]
[tareghie-3.portal.ir/site/resources/fonts/iranyekanwebmediumfanum.ttf]
[tareghie-3.portal.ir/site/resources/fonts/iranyekanwebboldfanum.eot]
[tareghie-3.portal.ir/site/resources/fonts/iranyekanwebboldfanumd41d.eot]
[tareghie-3.portal.ir/site/resources/fonts/iranyekanwebboldfanum.woff]
[tareghie-3.portal.ir/site/resources/fonts/iranyekanwebboldfanum.ttf]
[tareghie-3.portal.ir/site/resources/fonts/iranyekanwebextraboldfanum.eot]
[tareghie-3.portal.ir/site/resources/fonts/iranyekanwebextraboldfanumd41d.eot]
[tareghie-3.portal.ir/site/resources/fonts/iranyekanwebextraboldfanum.woff]
[tareghie-3.portal.ir/site/resources/fonts/iranyekanwebextraboldfanum.ttf]
[tareghie-3.portal.ir/site/resources/fonts/iranyekanwebblackfanum.eot]
[tareghie-3.portal.ir/site/resources/fonts/iranyekanwebblackfanumd41d.eot]
[tareghie-3.portal.ir/site/resources/fonts/iranyekanwebblackfanum.woff]
[tareghie-3.portal.ir/site/resources/fonts/iranyekanwebblackfanum.ttf]
[tareghie-3.portal.ir/site/resources/fonts/iranyekanwebextrablackfanum.eot]
[tareghie-3.portal.ir/site/resources/fonts/iranyekanwebextrablackfanumd41d.eot]
[tareghie-3.portal.ir/site/resources/fonts/iranyekanwebextrablackfanum.woff]
[tareghie-3.portal.ir/site/resources/fonts/iranyekanwebextrablackfanum.ttf]
[tareghie-3.portal.ir/site/resources/fonts/parastoo.eot]
[tareghie-3.portal.ir/site/resources/fonts/parastood41d.eot]
[tareghie-3.portal.ir/site/resources/fonts/parastoo.woff]
[tareghie-3.portal.ir/site/resources/fonts/parastoo.ttf]
[tareghie-3.portal.ir/site/resources/fonts/parastoo-bold.eot]
[tareghie-3.portal.ir/site/resources/fonts/parastoo-boldd41d.eot]
[tareghie-3.portal.ir/site/resources/fonts/parastoo-bold.woff]
[tareghie-3.portal.ir/site/resources/fonts/parastoo-bold.ttf]
[tareghie-3.portal.ir/site/resources/fonts/samim.eot]
[tareghie-3.portal.ir/site/resources/fonts/samimd41d.eot]
[tareghie-3.portal.ir/site/resources/fonts/samim.woff]
[tareghie-3.portal.ir/site/resources/fonts/samim.ttf]
[tareghie-3.portal.ir/site/resources/fonts/samim-bold.eot]
[tareghie-3.portal.ir/site/resources/fonts/samim-boldd41d.eot]
[tareghie-3.portal.ir/site/resources/fonts/samim-bold.woff]
[tareghie-3.portal.ir/site/resources/fonts/samim-bold.ttf]
[tareghie-3.portal.ir/site/resources/fonts/vazir-thin.eot]
[tareghie-3.portal.ir/site/resources/fonts/vazir-thind41d.eot]
[tareghie-3.portal.ir/site/resources/fonts/vazir-thin.woff]
[tareghie-3.portal.ir/site/resources/fonts/vazir-thin.woff2]
[tareghie-3.portal.ir/site/resources/fonts/vazir-thin.ttf]
[tareghie-3.portal.ir/site/resources/fonts/vazir-light.eot]
[tareghie-3.portal.ir/site/resources/fonts/vazir-lightd41d.eot]
[tareghie-3.portal.ir/site/resources/fonts/vazir-light.woff]
[tareghie-3.portal.ir/site/resources/fonts/vazir-light.woff2]
[tareghie-3.portal.ir/site/resources/fonts/vazir-light.ttf]
[tareghie-3.portal.ir/site/resources/fonts/vazir.eot]
[tareghie-3.portal.ir/site/resources/fonts/vazird41d.eot]
[tareghie-3.portal.ir/site/resources/fonts/vazir.woff]
[tareghie-3.portal.ir/site/resources/fonts/vazir.woff2]
[tareghie-3.portal.ir/site/resources/fonts/vazir.ttf]
[tareghie-3.portal.ir/site/resources/fonts/vazir-medium.eot]
[tareghie-3.portal.ir/site/resources/fonts/vazir-mediumd41d.eot]
[tareghie-3.portal.ir/site/resources/fonts/vazir-medium.woff]
[tareghie-3.portal.ir/site/resources/fonts/vazir-medium.woff2]
[tareghie-3.portal.ir/site/resources/fonts/vazir-medium.ttf]
[tareghie-3.portal.ir/site/resources/fonts/vazir-bold.eot]
[tareghie-3.portal.ir/site/resources/fonts/vazir-boldd41d.eot]
[tareghie-3.portal.ir/site/resources/fonts/vazir-bold.woff]
[tareghie-3.portal.ir/site/resources/fonts/vazir-bold.ttf]
[tareghie-3.portal.ir/site/resources/fonts/vazir-black.eot]
[tareghie-3.portal.ir/site/resources/fonts/vazir-blackd41d.eot]
[tareghie-3.portal.ir/site/resources/fonts/vazir-black.woff]
[tareghie-3.portal.ir/site/resources/fonts/vazir-black.ttf]
[tareghie-3.portal.ir/site/resources/fonts/vazir-thin-fd.eot]
[tareghie-3.portal.ir/site/resources/fonts/vazir-thin-fdd41d.eot]
[tareghie-3.portal.ir/site/resources/fonts/vazir-thin-fd.woff]
[tareghie-3.portal.ir/site/resources/fonts/vazir-thin-fd.woff2]
[tareghie-3.portal.ir/site/resources/fonts/vazir-thin-fd.ttf]
[tareghie-3.portal.ir/site/resources/fonts/vazir-light-fd.eot]
[tareghie-3.portal.ir/site/resources/fonts/vazir-light-fdd41d.eot]
[tareghie-3.portal.ir/site/resources/fonts/vazir-light-fd.woff]
[tareghie-3.portal.ir/site/resources/fonts/vazir-light-fd.woff2]
[tareghie-3.portal.ir/site/resources/fonts/vazir-light-fd.ttf]
[tareghie-3.portal.ir/site/resources/fonts/vazir-fd.woff]
[tareghie-3.portal.ir/site/resources/fonts/vazir-fd.woff2]
[tareghie-3.portal.ir/site/resources/fonts/vazir-fd.ttf]
[tareghie-3.portal.ir/site/resources/fonts/vazir-medium-fd.eot]
[tareghie-3.portal.ir/site/resources/fonts/vazir-medium-fdd41d.eot]
[tareghie-3.portal.ir/site/resources/fonts/vazir-medium-fd.woff]
[tareghie-3.portal.ir/site/resources/fonts/vazir-medium-fd.woff2]
[tareghie-3.portal.ir/site/resources/fonts/vazir-medium-fd.ttf]
[tareghie-3.portal.ir/site/resources/fonts/vazir-bold-fd.eot]
[tareghie-3.portal.ir/site/resources/fonts/vazir-bold-fdd41d.eot]
[tareghie-3.portal.ir/site/resources/fonts/vazir-bold-fd.woff]
[tareghie-3.portal.ir/site/resources/fonts/vazir-bold-fd.ttf]
[tareghie-3.portal.ir/site/resources/fonts/vazir-black-fd.eot]
[tareghie-3.portal.ir/site/resources/fonts/vazir-black-fdd41d.eot]
[tareghie-3.portal.ir/site/resources/fonts/vazir-black-fd.woff]
[tareghie-3.portal.ir/site/resources/fonts/vazir-black-fd.ttf]
[tareghie-3.portal.ir/site/resources/fonts/sahel.eot]
[tareghie-3.portal.ir/site/resources/fonts/saheld41d.eot]
[tareghie-3.portal.ir/site/resources/fonts/sahel.woff]
[tareghie-3.portal.ir/site/resources/fonts/sahel.ttf]
[tareghie-3.portal.ir/site/resources/fonts/sahel-bold.eot]
[tareghie-3.portal.ir/site/resources/fonts/sahel-boldd41d.eot]
[tareghie-3.portal.ir/site/resources/fonts/sahel-bold.woff]
[tareghie-3.portal.ir/site/resources/fonts/sahel-bold.ttf]
[tareghie-3.portal.ir/site/resources/fonts/sahel-black.eot]
[tareghie-3.portal.ir/site/resources/fonts/sahel-blackd41d.eot]
[tareghie-3.portal.ir/site/resources/fonts/sahel-black.woff]
[tareghie-3.portal.ir/site/resources/fonts/sahel-black.ttf]
[tareghie-3.portal.ir/site/resources/fonts/shabnam-light.eot]
[tareghie-3.portal.ir/site/resources/fonts/shabnam-lightd41d.eot]
[tareghie-3.portal.ir/site/resources/fonts/shabnam-light.woff]
[tareghie-3.portal.ir/site/resources/fonts/shabnam-light.ttf]
[tareghie-3.portal.ir/site/resources/fonts/shabnam.eot]
[tareghie-3.portal.ir/site/resources/fonts/shabnamd41d.eot]
[tareghie-3.portal.ir/site/resources/fonts/shabnam.woff]
[tareghie-3.portal.ir/site/resources/fonts/shabnam.ttf]
[tareghie-3.portal.ir/site/resources/fonts/shabnam-bold.eot]
[tareghie-3.portal.ir/site/resources/fonts/shabnam-boldd41d.eot]
[tareghie-3.portal.ir/site/resources/fonts/shabnam-bold.woff]
[tareghie-3.portal.ir/site/resources/fonts/shabnam-bold.ttf]
[tareghie-3.portal.ir/site/resources/fonts/lalezar-regular.eot]
[tareghie-3.portal.ir/site/resources/fonts/lalezar-regulard41d.eot]
[tareghie-3.portal.ir/site/resources/fonts/lalezar-regular.woff]
[tareghie-3.portal.ir/site/resources/fonts/lalezar-regular.woff2]
[tareghie-3.portal.ir/site/resources/fonts/lalezar-regular.ttf]
[tareghie-3.portal.ir/site/resources/fonts/yekan.eot]
[tareghie-3.portal.ir/site/resources/fonts/yekand41d.eot]
[tareghie-3.portal.ir/site/resources/fonts/yekan.woff]
[tareghie-3.portal.ir/site/resources/fonts/yekan.woff2]
[tareghie-3.portal.ir/site/resources/fonts/yekan.ttf]
[tareghie-3.portal.ir/site/resources/fonts/fontawesome-webfont3e6e.eot]
[tareghie-3.portal.ir/site/resources/fonts/fontawesome-webfontd41d.eot]
[tareghie-3.portal.ir/site/resources/fonts/fontawesome-webfont3e6e.woff2]
[tareghie-3.portal.ir/site/resources/fonts/fontawesome-webfont3e6e.woff]
[tareghie-3.portal.ir/site/resources/fonts/fontawesome-webfont3e6e.ttf]
[tareghie-3.portal.ir/site/resources/fonts/csscaeb.css]
[tareghie-3.portal.ir/themes/custom-d583/css/bootstrap.css]
[tareghie-3.portal.ir/themes/custom-d583/css/bootstrap.rtl.css]
[tareghie-3.portal.ir/themes/custom-d583/css/magnific.popup.css]
[tareghie-3.portal.ir/site/resources/fonts/fontawesome-webfont3e6e.svg]
[tareghie-3.portal.ir/themes/custom-d583/css/owl.carousel.css]
[tareghie-3.portal.ir/themes/custom-d583/css/app.css]
[tareghie-3.portal.ir/uploads/posts/139eff0ded.jpg]
[tareghie-3.portal.ir/site/blog/postsa451.html]
[tareghie-3.portal.ir/site/resources/avatars/empty078e.png]
[tareghie-3.portal.ir/uploads/posts/a350a30ded.jpg]
[tareghie-3.portal.ir/blog.html]
[tareghie-3.portal.ir/bloga47e.html]
[tareghie-3.portal.ir/uploads/pages/0ddd56.jpg]
[tareghie-3.portal.ir/uploads/pages/0ddd567d36.jpg]
[tareghie-3.portal.ir/uploads/pages/0ddd569962.jpg]
[tareghie-3.portal.ir/uploads/pages/8d0c5a7d36.jpg]
[tareghie-3.portal.ir/uploads/pages/8d0c5a.jpg]
[tareghie-3.portal.ir/uploads/pages/8d0c5a9962.jpg]
[tareghie-3.portal.ir/uploads/pages/6b1e767d36.jpg]
[tareghie-3.portal.ir/uploads/pages/6b1e76.jpg]
[tareghie-3.portal.ir/uploads/pages/6b1e769962.jpg]
[tareghie-3.portal.ir/uploads/pages/ec6b0a7d36.jpg]
[tareghie-3.portal.ir/uploads/pages/ec6b0a.jpg]
[tareghie-3.portal.ir/uploads/pages/ec6b0a9962.jpg]
[tareghie-3.portal.ir/uploads/pages/7e51467d36.jpg]
[tareghie-3.portal.ir/uploads/pages/7e5146.jpg]
[tareghie-3.portal.ir/uploads/pages/7e51469962.jpg]
[tareghie-3.portal.ir/services.html]
[tareghie-3.portal.ir/paint.html]
[tareghie-3.portal.ir/uploads/products/841d201cec.jpg]
[tareghie-3.portal.ir/pot.html]
[tareghie-3.portal.ir/uploads/products/267f491cec.jpg]
[tareghie-3.portal.ir/scarf.html]
[tareghie-3.portal.ir/uploads/products/ef1cfa1cec.jpg]
[tareghie-3.portal.ir/products.html]
[tareghie-3.portal.ir/uploads/pages/0c2612.jpg]
[tareghie-3.portal.ir/uploads/pages/0c26127d36.jpg]
[tareghie-3.portal.ir/uploads/pages/0c26129962.jpg]
[tareghie-3.portal.ir/uploads/pages/2bad107d36.png]
[tareghie-3.portal.ir/uploads/pages/2bad10.png]
[tareghie-3.portal.ir/uploads/pages/2bad109962.png]
[tareghie-3.portal.ir/uploads/pages/280cb07d36.png]
[tareghie-3.portal.ir/uploads/pages/280cb0.png]
[tareghie-3.portal.ir/uploads/pages/280cb09962.png]
[tareghie-3.portal.ir/portfolio.html]
[tareghie-3.portal.ir/uploads/pages/82a09b9140.jpg]
[tareghie-3.portal.ir/uploads/pages/82a09b.jpg]
[tareghie-3.portal.ir/about-me.html]
[tareghie-3.portal.ir/contact-me.html]
[tareghie-3.portal.ir/site/cart.html]
[tareghie-3.portal.ir/site/store/products.html]
[tareghie-3.portal.ir/site/signin.html]
[tareghie-3.portal.ir/site/signup.html]
[tareghie-3.portal.ir/site/recoverypass.html]
[tareghie-3.portal.ir/site/blog/posts.html]
[tareghie-3.portal.ir/uploads/posts/139eff1438.jpg]
[tareghie-3.portal.ir/uploads/posts/139effcdc7.jpg]
[tareghie-3.portal.ir/uploads/posts/a350a3cdc7.jpg]
[tareghie-3.portal.ir/blogging.html]
[tareghie-3.portal.ir/site/blog/postsa47e.html]
[tareghie-3.portal.ir/uploads/posts/a350a31438.jpg]
[tareghie-3.portal.ir/getting-started.html]
[tareghie-3.portal.ir/site/resources/fonts/iransansweb(fanum.html]
[tareghie-3.portal.ir/site/resources/fonts/iranyekanwebthin.html]
[tareghie-3.portal.ir/site/resources/fonts/iranyekanwebmedium.html]
[tareghie-3.portal.ir/site/resources/fonts/iranyekanwebextrabold.html]
[tareghie-3.portal.ir/site/resources/fonts/iranyekanwebblack.html]
[tareghie-3.portal.ir/site/resources/fonts/iranyekanwebextrablack.html]
[tareghie-3.portal.ir/site/resources/fonts/iranyekanwebthinfanum.html]
[tareghie-3.portal.ir/site/resources/fonts/iranyekanweblightfanum.html]
[tareghie-3.portal.ir/site/resources/fonts/iranyekanwebregularfanum.html]
[tareghie-3.portal.ir/site/resources/fonts/iranyekanwebmediumfanum.html]
[tareghie-3.portal.ir/site/resources/fonts/iranyekanwebboldfanum.html]
[tareghie-3.portal.ir/site/resources/fonts/iranyekanwebextraboldfanum.html]
[tareghie-3.portal.ir/site/resources/fonts/iranyekanwebblackfanum.html]
[tareghie-3.portal.ir/site/resources/fonts/iranyekanwebextrablackfanum.html]
[tareghie-3.portal.ir/site/resources/fonts/vazir.html]
[tareghie-3.portal.ir/site/resources/fonts/vazird41d.html]
[tareghie-3.portal.ir/site/resources/fonts/fontawesome-webfont3e6e.svg]
[tareghie-3.portal.ir/themes/custom-d583/css/owl.video.play.html]
[tareghie-3.portal.ir/site/blog/postsa451.html]
[tareghie-3.portal.ir/bloga47e.html]
[tareghie-3.portal.ir/uploads/products/841d20.jpg]
[tareghie-3.portal.ir/uploads/products/841d208439.jpg]
[tareghie-3.portal.ir/site/products/compare/156009998.html]
[tareghie-3.portal.ir/uploads/products/841d209962.jpg]
[tareghie-3.portal.ir/uploads/products/267f499962.jpg]
[tareghie-3.portal.ir/uploads/products/ef1cfa9962.jpg]
[tareghie-3.portal.ir/paint.html]
[tareghie-3.portal.ir/uploads/products/267f49.jpg]
[tareghie-3.portal.ir/uploads/products/267f498439.jpg]
[tareghie-3.portal.ir/uploads/products/04bd67.jpg]
[tareghie-3.portal.ir/uploads/products/04bd67abed.jpg]
[tareghie-3.portal.ir/uploads/products/dca692.jpg]
[tareghie-3.portal.ir/uploads/products/dca692abed.jpg]
[tareghie-3.portal.ir/uploads/products/2967fc.jpg]
[tareghie-3.portal.ir/uploads/products/2967fcabed.jpg]
[tareghie-3.portal.ir/uploads/products/5b7ea8.jpg]
[tareghie-3.portal.ir/uploads/products/5b7ea8abed.jpg]
[tareghie-3.portal.ir/uploads/products/be53c8.jpg]
[tareghie-3.portal.ir/uploads/products/be53c8abed.jpg]
[tareghie-3.portal.ir/uploads/products/04bd678439.jpg]
[tareghie-3.portal.ir/uploads/products/dca6928439.jpg]
[tareghie-3.portal.ir/uploads/products/2967fc8439.jpg]
[tareghie-3.portal.ir/uploads/products/5b7ea88439.jpg]
[tareghie-3.portal.ir/uploads/products/be53c88439.jpg]
[tareghie-3.portal.ir/pot.html]
[tareghie-3.portal.ir/site/products/compare/156009997/156009998.html]
[tareghie-3.portal.ir/uploads/products/ef1cfa.jpg]
[tareghie-3.portal.ir/uploads/products/ef1cfa8439.jpg]
[tareghie-3.portal.ir/uploads/products/4ded79.jpg]
[tareghie-3.portal.ir/uploads/products/4ded79abed.jpg]
[tareghie-3.portal.ir/uploads/products/ac966d.jpg]
[tareghie-3.portal.ir/uploads/products/ac966dabed.jpg]
[tareghie-3.portal.ir/uploads/products/cf2189.jpg]
[tareghie-3.portal.ir/uploads/products/cf2189abed.jpg]
[tareghie-3.portal.ir/uploads/products/aab060.jpg]
[tareghie-3.portal.ir/uploads/products/aab060abed.jpg]
[tareghie-3.portal.ir/uploads/products/4ded798439.jpg]
[tareghie-3.portal.ir/uploads/products/ac966d8439.jpg]
[tareghie-3.portal.ir/uploads/products/cf21898439.jpg]
[tareghie-3.portal.ir/uploads/products/aab0608439.jpg]
[tareghie-3.portal.ir/site/products/compare/156009996/156009997/156009998.html]
[tareghie-3.portal.ir/site/resources/avatars/emptye3b5.jpg]
[tareghie-3.portal.ir/scarf.html]
[tareghie-3.portal.ir/site/store/products.html]
[tareghie-3.portal.ir/site/recoverypass.html]
[tareghie-3.portal.ir/site/blog/posts.html]
[tareghie-3.portal.ir/site/blog/postsa47e.html]
[tareghie-3.portal.ir/uploads/products/841d20a482.jpg]
[tareghie-3.portal.ir/site/products/compare/156009998.html]
[tareghie-3.portal.ir/site/products/compare/156009996/156009997.html]
[tareghie-3.portal.ir/uploads/products/267f49a482.jpg]
[tareghie-3.portal.ir/site/products/compare/156009997/156009998.html]
[tareghie-3.portal.ir/site/products/compare/156009996.html]
[tareghie-3.portal.ir/uploads/products/ef1cfaa482.jpg]
[tareghie-3.portal.ir/site/products/compare/156009996/156009997/156009998.html]
[tareghie-3.portal.ir/site/compare.html]
[tareghie-3.portal.ir/site/products/compare/156009996/156009997.html]
[tareghie-3.portal.ir/site/products/compare/156009996.html]
[tareghie-3.portal.ir/site/products/compare.html]
[tareghie-3.portal.ir/site/products/compare.html]
